Sending email from luxbrands46@gmail.com
Γ¥î Failed to send: Connection timeout
